          *** MOLPOP-CEP  April 09, 08 ***
* CO with collision rates from Flower, 2001, J.Phys.B.,2731                                                                                                                                                                             
* These lines are echoed in the output because they start with a '*'                                                                                                                                                                    
* Instructions for data input are found at the end of the input file		                                                                                                                                                                  
      Using file with physical conditions : Samples/CO/Flower_rates.physical
      Molecule --- CO
      Number of levels = 11
      NO LINE OVERLAP USED
      Coupled escape probability with ALI
      Using Entered Doppler Width = ***** km/s
      FWHM = ***** km/s
      NO SATURATION EFFECTS
      Aspect Ratio = 1
    1.  Relative weight of collision partner = 1.00
        Collision rates from data file CO_H2o.kij
        Collision rate coefficients for CO-H2_ortho collisions                  
        Flower, 2001, J.Phys.B.,2731                                            
    2.  Relative weight of collision partner = 1.00
        Collision rates from data file CO_H2p.kij
        Collision rate coefficients for CO-H2_para collisions                   
        Flower, 2001, J.Phys.B.,2731                                            

      External Radiation field includes:
        - 3K Cosmic Background
        - Dust with Td =  100.0 K and Tau(v) = 3.00E+00
--------------------------------- Transitions --------------------------------

  i -> j     micron          GHz            K        Aij, s^{-1}   Cij, s^{-1}

  2    1   2.60078E+03   1.15270E+02   5.53209E+00   7.20300E-08   3.65000E-07
  3    1   8.66927E+02   3.45811E+02   1.65963E+01   0.00000E+00   4.70000E-07
  3    2   1.30039E+03   2.30540E+02   1.10642E+01   6.91000E-07   6.80000E-07
  4    1   4.33473E+02   6.91606E+02   3.31918E+01   0.00000E+00   1.25000E-07
  4    2   5.20170E+02   5.76336E+02   2.76597E+01   0.00000E+00   6.80000E-07
  4    3   8.66964E+02   3.45796E+02   1.65956E+01   2.49700E-06   7.45000E-07
  5    1   2.60091E+02   1.15265E+03   5.53182E+01   0.00000E+00   5.90000E-08
  5    2   2.88991E+02   1.03737E+03   4.97861E+01   0.00000E+00   2.20000E-07
  5    3   3.71566E+02   8.06834E+02   3.87219E+01   0.00000E+00   7.25000E-07
  5    4   6.50254E+02   4.61039E+02   2.21263E+01   6.12600E-06   7.45000E-07
  6    1   1.73399E+02   1.72892E+03   8.29747E+01   0.00000E+00   3.20000E-08
  6    2   1.85786E+02   1.61364E+03   7.74427E+01   0.00000E+00   1.00000E-07
  6    3   2.16753E+02   1.38310E+03   6.63785E+01   0.00000E+00   2.65000E-07
  6    4   2.89010E+02   1.03731E+03   4.97829E+01   0.00000E+00   7.55000E-07
  6    5   5.20229E+02   5.76270E+02   2.76566E+01   1.22100E-05   7.80000E-07
  7    1   1.23861E+02   2.42039E+03   1.16160E+02   0.00000E+00   1.07500E-08
  7    2   1.30055E+02   2.30512E+03   1.10628E+02   0.00000E+00   5.80000E-08
  7    3   1.44508E+02   2.07458E+03   9.95638E+01   0.00000E+00   1.13500E-07
  7    4   1.73413E+02   1.72878E+03   8.29683E+01   0.00000E+00   3.05000E-07
  7    5   2.36478E+02   1.26774E+03   6.08419E+01   0.00000E+00   7.85000E-07
  7    6   4.33557E+02   6.91471E+02   3.31854E+01   2.13700E-05   8.00000E-07
  8    1   9.29002E+01   3.22704E+03   1.54873E+02   0.00000E+00   5.95000E-09
  8    2   9.63415E+01   3.11177E+03   1.49341E+02   0.00000E+00   1.90000E-08
  8    3   1.04050E+02   2.88123E+03   1.38277E+02   0.00000E+00   7.50000E-08
  8    4   1.18241E+02   2.53543E+03   1.21681E+02   0.00000E+00   1.25000E-07
  8    5   1.44521E+02   2.07439E+03   9.95550E+01   0.00000E+00   3.40000E-07
  8    6   2.00112E+02   1.49812E+03   7.18985E+01   0.00000E+00   8.10000E-07
  8    7   3.71650E+02   8.06652E+02   3.87131E+01   3.42200E-05   8.05000E-07
  9    1   7.22593E+01   4.14884E+03   1.99113E+02   0.00000E+00   2.35000E-09
  9    2   7.43244E+01   4.03357E+03   1.93581E+02   0.00000E+00   1.17500E-08
  9    3   7.88299E+01   3.80303E+03   1.82516E+02   0.00000E+00   2.40000E-08
  9    4   8.67146E+01   3.45723E+03   1.65921E+02   0.00000E+00   9.25000E-08
  9    5   1.00058E+02   2.99619E+03   1.43795E+02   0.00000E+00   1.40000E-07
  9    6   1.23885E+02   2.41992E+03   1.16138E+02   0.00000E+00   3.85000E-07
  9    7   1.73445E+02   1.72845E+03   8.29526E+01   0.00000E+00   8.25000E-07
  9    8   3.25224E+02   9.21802E+02   4.42395E+01   5.13400E-05   8.40000E-07
 10    1   5.78108E+01   5.18575E+03   2.48876E+02   0.00000E+00   1.16000E-09
 10    2   5.91251E+01   5.07048E+03   2.43344E+02   0.00000E+00   4.55000E-09
 10    3   6.19414E+01   4.83994E+03   2.32280E+02   0.00000E+00   1.65000E-08
 10    4   6.67074E+01   4.49414E+03   2.15685E+02   0.00000E+00   2.80000E-08
 10    5   7.43329E+01   4.03310E+03   1.93558E+02   0.00000E+00   1.10000E-07
 10    6   8.67246E+01   3.45683E+03   1.65902E+02   0.00000E+00   1.50000E-07
 10    7   1.08410E+02   2.76536E+03   1.32716E+02   0.00000E+00   4.15000E-07
 10    8   1.53056E+02   1.95871E+03   9.40032E+01   0.00000E+00   8.45000E-07
 10    9   2.89121E+02   1.03691E+03   4.97638E+01   7.33000E-05   8.50000E-07
 11    1   4.73028E+01   6.33774E+03   3.04163E+02   0.00000E+00   6.15000E-10
 11    2   4.81790E+01   6.22247E+03   2.98631E+02   0.00000E+00   2.40000E-09
 11    3   5.00327E+01   5.99192E+03   2.87567E+02   0.00000E+00   6.00000E-09
 11    4   5.30970E+01   5.64613E+03   2.70971E+02   0.00000E+00   2.10000E-08
 11    5   5.78182E+01   5.18509E+03   2.48845E+02   0.00000E+00   3.15000E-08
 11    6   6.50475E+01   4.60882E+03   2.21188E+02   0.00000E+00   1.25000E-07
 11    7   7.65294E+01   3.91735E+03   1.88003E+02   0.00000E+00   1.50000E-07
 11    8   9.63747E+01   3.11070E+03   1.49290E+02   0.00000E+00   4.45000E-07
 11    9   1.36961E+02   2.18890E+03   1.05050E+02   0.00000E+00   8.25000E-07
 11   10   2.60240E+02   1.15199E+03   5.52865E+01   1.00600E-04   8.75000E-07
------------------------------------------------------------------------------

------------------------------------------------------------------------------

 *****************************************************
     CEP
  GENERAL DATA
 *****************************************************
 N. active transitions
          10
 N. levels
          11
 
 ***********************
  Level information   
  g    Energy [cm^-1]  
 ***********************
  1    1.0      0.0000
  2    3.0      3.8450
  3    5.0     11.5350
  4    7.0     23.0695
  5    9.0     38.4481
  6   11.0     57.6704
  7   13.0     80.7354
  8   15.0    107.6424
  9   17.0    138.3904
 10   19.0    172.9780
 11   21.0    211.4041
 
 ***********************
  Transition information
  up  low  freq [GHz]  Aul [s^-1]  detailed (y/n)
 ***********************
  1    2    1    115.270200   0.216090E-06    yes                
  2    3    2    230.540400   0.115167E-05    yes                
  3    4    3    345.795611   0.349580E-05    yes                
  4    5    4    461.038830   0.787629E-05    yes                
  5    6    5    576.270057   0.149233E-04    no                 
  6    7    6    691.471304   0.252555E-04    no                 
  7    8    7    806.651567   0.394846E-04    yes                
  8    9    8    921.801850   0.581853E-04    no                 
  9   10    9   1036.910162   0.819235E-04    no                 
 10   11   10   1151.985497   0.111189E-03    no                 
 
 
 *******************************************************************************
 N(mol) [cm^-2]:  0.10000E+17   -  R [cm]:  0.10000E+17    -  nzones:   20
 *******************************************************************************
  up    low     optical depth        cooling         N(up)/N(low)    I_center(mu=1.000)
   2     1      -0.29546E-01      -0.95157E-07       0.31052E+01       0.11204E-13
   3     2       0.21008E+00       0.22949E-05       0.14658E+01       0.14733E-12
   4     3       0.70941E+00       0.96497E-05       0.96778E+00       0.45010E-12
   5     4       0.10167E+01       0.18915E-04       0.66737E+00       0.68020E-12
   8     7       0.21122E+00       0.11178E-04       0.27852E+00       0.27664E-12
