          *** MOLPOP-CEP  May 16, 08 ***
* Sample run for OH with hard sphere collision rates                                                                                                                                                                                    
* These lines are echoed in the output because they start with a '*'                                                                                                                                                                    
* Instructions for data input are found at the end of the input file                                                                                                                                                                    
      Molecule --- OH
      Number of levels = 20
      Tgas =  150.0 K
      n_H2 = 1.00E+05 cm-3
      n_OH/n_H2 = 1.00E-05
      n_OH = 1.00E+00 cm-3
      NO LINE OVERLAP USED
      Thermal speed =   0.4 km/s
      Slab escape probability 
      Using Entered Doppler Width =    1.0 km/s
      FWHM =   1.7 km/s
      NO SATURATION EFFECTS
      Aspect Ratio = 1
    1.  Relative weight of collision partner = 1.00
        Hard-sphere collisions; geometric cross section =  1.00E-15 cm^-2

      External Radiation field includes:
        - 3K Cosmic Background
 Using INCREASING strategy
------------------------------------------------------------------------------


      Normal completion. Dimension is   1.00E+15 cm


                                  SUMMARY

      R        H2 column   mol column     emission   xi
      cm          cm-2        cm-2     erg/s/mol
   1.000E+13   1.000E+18   1.000E+13   2.076E-20   2.000E-09
   1.778E+13   1.778E+18   1.778E+13   2.076E-20   3.557E-09
   3.162E+13   3.162E+18   3.162E+13   2.076E-20   6.325E-09
   5.623E+13   5.623E+18   5.623E+13   2.076E-20   1.125E-08
   1.000E+14   1.000E+19   1.000E+14   2.076E-20   2.000E-08
   1.778E+14   1.778E+19   1.778E+14   2.076E-20   3.557E-08
   3.162E+14   3.162E+19   3.162E+14   2.076E-20   6.325E-08
   5.623E+14   5.623E+19   5.623E+14   2.076E-20   1.125E-07
   1.000E+15   1.000E+20   1.000E+15   2.076E-20   2.000E-07

                    Parameters for selected transitions

       18.014 cm (  1.664 GHz) transition between levels  3 and  1
     Upper Level: 2^Pi_{3/2},  J=3/2,  F=1+                                                       
     Lower Level: 2^Pi_{3/2},  J=3/2,  F=1-                                                       

     R       Tex      tau     Flux     eta       p1       p2     Gamma1   Gamma2    Gamma
     cm       K                Jy             cm-3s-1  cm-3s-1     s-1      s-1      s-1 
 1.00E+13 6.68E+01 2.10E-04 2.65E+04 0.00E+00 0.00E+00 0.00E+00 0.00E+00 0.00E+00 0.00E+00
 1.78E+13 6.73E+01 3.69E-04 4.70E+04 0.00E+00 0.00E+00 0.00E+00 0.00E+00 0.00E+00 0.00E+00
 3.16E+13 6.82E+01 6.44E-04 8.30E+04 0.00E+00 0.00E+00 0.00E+00 0.00E+00 0.00E+00 0.00E+00
 5.62E+13 6.94E+01 1.12E-03 1.46E+05 0.00E+00 0.00E+00 0.00E+00 0.00E+00 0.00E+00 0.00E+00
 1.00E+14 7.11E+01 1.91E-03 2.56E+05 0.00E+00 0.00E+00 0.00E+00 0.00E+00 0.00E+00 0.00E+00
 1.78E+14 7.28E+01 3.27E-03 4.47E+05 0.00E+00 0.00E+00 0.00E+00 0.00E+00 0.00E+00 0.00E+00
 3.16E+14 7.42E+01 5.60E-03 7.76E+05 0.00E+00 0.00E+00 0.00E+00 0.00E+00 0.00E+00 0.00E+00
 5.62E+14 7.28E+01 9.94E-03 1.34E+06 0.00E+00 0.00E+00 0.00E+00 0.00E+00 0.00E+00 0.00E+00
 1.00E+15 6.85E+01 1.85E-02 2.32E+06 0.00E+00 0.00E+00 0.00E+00 0.00E+00 0.00E+00 0.00E+00

       18.608 cm (  1.611 GHz) transition between levels  3 and  2
     Upper Level: 2^Pi_{3/2},  J=3/2,  F=1+                                                       
     Lower Level: 2^Pi_{3/2},  J=3/2,  F=2-                                                       

     R       Tex      tau     Flux     eta       p1       p2     Gamma1   Gamma2    Gamma
     cm       K                Jy             cm-3s-1  cm-3s-1     s-1      s-1      s-1 
 1.00E+13 6.80E+00 4.01E-04 4.81E+03 0.00E+00 0.00E+00 0.00E+00 0.00E+00 0.00E+00 0.00E+00
 1.78E+13 4.52E+00 1.07E-03 8.51E+03 0.00E+00 0.00E+00 0.00E+00 0.00E+00 0.00E+00 0.00E+00
 3.16E+13 2.99E+00 2.88E-03 1.50E+04 0.00E+00 0.00E+00 0.00E+00 0.00E+00 0.00E+00 0.00E+00
 5.62E+13 1.97E+00 7.75E-03 2.62E+04 0.00E+00 0.00E+00 0.00E+00 0.00E+00 0.00E+00 0.00E+00
 1.00E+14 1.32E+00 2.05E-02 4.50E+04 0.00E+00 0.00E+00 0.00E+00 0.00E+00 0.00E+00 0.00E+00
 1.78E+14 9.20E-01 5.22E-02 7.55E+04 0.00E+00 0.00E+00 0.00E+00 0.00E+00 0.00E+00 0.00E+00
 3.16E+14 6.78E-01 1.25E-01 1.22E+05 0.00E+00 0.00E+00 0.00E+00 0.00E+00 0.00E+00 0.00E+00
 5.62E+14 5.38E-01 2.80E-01 1.87E+05 0.00E+00 0.00E+00 0.00E+00 0.00E+00 0.00E+00 0.00E+00
 1.00E+15 4.69E-01 5.70E-01 2.71E+05 0.00E+00 0.00E+00 0.00E+00 0.00E+00 0.00E+00 0.00E+00

       17.436 cm (  1.719 GHz) transition between levels  4 and  1
     Upper Level: 2^Pi_{3/2},  J=3/2,  F=2+                                                       
     Lower Level: 2^Pi_{3/2},  J=3/2,  F=1-                                                       

     R       Tex      tau     Flux     eta       p1       p2     Gamma1   Gamma2    Gamma
     cm       K                Jy             cm-3s-1  cm-3s-1     s-1      s-1      s-1 
 1.00E+13-9.22E+00-3.15E-04 0.00E+00 4.47E-03 1.51E-07 2.54E-07 8.10E-07 8.11E-07 8.11E-07
 1.78E+13-5.63E+00-9.19E-04 0.00E+00 7.33E-03 1.51E-07 2.55E-07 8.10E-07 8.11E-07 8.11E-07
 3.16E+13-3.52E+00-2.61E-03 0.00E+00 1.17E-02 1.50E-07 2.56E-07 8.10E-07 8.11E-07 8.11E-07
 5.62E+13-2.24E+00-7.27E-03 0.00E+00 1.84E-02 1.48E-07 2.57E-07 8.10E-07 8.11E-07 8.11E-07
 1.00E+14-1.47E+00-1.97E-02 0.00E+00 2.81E-02 1.47E-07 2.59E-07 8.10E-07 8.11E-07 8.11E-07
 1.78E+14-1.01E+00-5.07E-02 0.00E+00 4.08E-02 1.44E-07 2.61E-07 8.10E-07 8.11E-07 8.11E-07
 3.16E+14-7.40E-01-1.23E-01 0.00E+00 5.57E-02 1.41E-07 2.64E-07 8.10E-07 8.11E-07 8.11E-07
 5.62E+14-5.84E-01-2.75E-01 0.00E+00 7.05E-02 1.39E-07 2.66E-07 8.10E-07 8.11E-07 8.11E-07
 1.00E+15-5.08E-01-5.60E-01 0.00E+00 8.10E-02 1.37E-07 2.68E-07 8.10E-07 8.11E-07 8.11E-07

       17.993 cm (  1.666 GHz) transition between levels  4 and  2
     Upper Level: 2^Pi_{3/2},  J=3/2,  F=2+                                                       
     Lower Level: 2^Pi_{3/2},  J=3/2,  F=2-                                                       

     R       Tex      tau     Flux     eta       p1       p2     Gamma1   Gamma2    Gamma
     cm       K                Jy             cm-3s-1  cm-3s-1     s-1      s-1      s-1 
 1.00E+13 6.50E+01 3.92E-04 4.84E+04 0.00E+00 0.00E+00 0.00E+00 0.00E+00 0.00E+00 0.00E+00
 1.78E+13 6.45E+01 7.05E-04 8.61E+04 0.00E+00 0.00E+00 0.00E+00 0.00E+00 0.00E+00 0.00E+00
 3.16E+13 6.37E+01 1.27E-03 1.53E+05 0.00E+00 0.00E+00 0.00E+00 0.00E+00 0.00E+00 0.00E+00
 5.62E+13 6.26E+01 2.32E-03 2.74E+05 0.00E+00 0.00E+00 0.00E+00 0.00E+00 0.00E+00 0.00E+00
 1.00E+14 6.10E+01 4.25E-03 4.88E+05 0.00E+00 0.00E+00 0.00E+00 0.00E+00 0.00E+00 0.00E+00
 1.78E+14 5.91E+01 7.88E-03 8.69E+05 0.00E+00 0.00E+00 0.00E+00 0.00E+00 0.00E+00 0.00E+00
 3.16E+14 5.68E+01 1.47E-02 1.54E+06 0.00E+00 0.00E+00 0.00E+00 0.00E+00 0.00E+00 0.00E+00
 5.62E+14 5.46E+01 2.76E-02 2.72E+06 0.00E+00 0.00E+00 0.00E+00 0.00E+00 0.00E+00 0.00E+00
 1.00E+15 5.22E+01 5.16E-02 4.73E+06 0.00E+00 0.00E+00 0.00E+00 0.00E+00 0.00E+00 0.00E+00
