* Radex version        : 30nov2011
* Geometry             : Uniform sphere
* Molecular data file  : ../../tests/LAMDA_files/c.dat                                                   
* T(kin)            [K]:  144.000
* Density of H2  [cm-3]:  2.000E+00
* Density of pH2 [cm-3]:  1.000E+00
* Density of oH2 [cm-3]:  1.000E+00
* Density of e-  [cm-3]:  1.000E+00
* Density of He  [cm-3]:  1.000E+02
* T(background)     [K]:    2.730
* Column density [cm-2]:  1.000E+15
* Line width     [km/s]:    1.000
Calculation finished in   12 iterations
      LINE         E_UP       FREQ        WAVEL     T_EX      TAU        T_R       POP        POP       FLUX        FLUX
                   (K)        (GHz)       (um)      (K)                  (K)        UP        LOW      (K*km/s) (erg/cm2/s)
1      -- 0         23.6    492.1607    609.1354    9.791  1.359E-02  3.132E-02  2.009E-01  7.473E-01  3.334E-02  5.118E-08
2      -- 1         62.5    809.3420    370.4151   20.811  1.425E-03  1.012E-02  5.178E-02  2.009E-01  1.077E-02  7.354E-08
2      -- 0         62.5   1301.5026    230.3433   14.598  3.047E-10  2.675E-10  5.178E-02  7.473E-01  2.847E-10  8.083E-15
