* Radex version        : 30nov2011
* Geometry             : Plane parallel slab
* Molecular data file  : ../../tests/LAMDA_files/c.dat                                                   
* T(kin)            [K]:  144.000
* Density of H2  [cm-3]:  2.000E+00
* Density of pH2 [cm-3]:  1.000E+00
* Density of oH2 [cm-3]:  1.000E+00
* Density of e-  [cm-3]:  1.000E+00
* Density of He  [cm-3]:  1.000E+02
* T(background)     [K]:    2.730
* Column density [cm-2]:  1.000E+20
* Line width     [km/s]:    1.000
Calculation finished in   37 iterations
      LINE         E_UP       FREQ        WAVEL     T_EX      TAU        T_R       POP        POP       FLUX        FLUX
                   (K)        (GHz)       (um)      (K)                  (K)        UP        LOW      (K*km/s) (erg/cm2/s)
1      -- 0         23.6    492.1607    609.1354  129.451  5.123E+01  1.180E+02  3.844E-01  1.538E-01  1.256E+02  1.928E-04
2      -- 1         62.5    809.3420    370.4151  118.626  9.006E+01  1.003E+02  4.618E-01  3.844E-01  1.067E+02  7.287E-04
2      -- 0         62.5   1301.5026    230.3433  122.500  2.540E-06  2.385E-04  4.618E-01  1.538E-01  2.539E-04  7.208E-09
