* Radex version        : 30nov2011
* Geometry             : Plane parallel slab
* Molecular data file  : ../../tests/LAMDA_files/c.dat                                                   
* T(kin)            [K]:  124.000
* Density of H2  [cm-3]:  2.000E+00
* Density of pH2 [cm-3]:  1.000E+00
* Density of oH2 [cm-3]:  1.000E+00
* Density of e-  [cm-3]:  1.000E+00
* Density of He  [cm-3]:  1.000E+02
* T(background)     [K]:    2.730
* Column density [cm-2]:  1.000E+20
* Line width     [km/s]:    1.000
Calculation finished in   37 iterations
      LINE         E_UP       FREQ        WAVEL     T_EX      TAU        T_R       POP        POP       FLUX        FLUX
                   (K)        (GHz)       (um)      (K)                  (K)        UP        LOW      (K*km/s) (erg/cm2/s)
1      -- 0         23.6    492.1607    609.1354  114.384  5.953E+01  1.030E+02  3.899E-01  1.598E-01  1.096E+02  1.683E-04
2      -- 1         62.5    809.3420    370.4151  105.948  1.004E+02  8.771E+01  4.504E-01  3.899E-01  9.337E+01  6.375E-04
2      -- 0         62.5   1301.5026    230.3433  108.988  2.881E-06  2.326E-04  4.504E-01  1.598E-01  2.476E-04  7.030E-09
