* Radex version        : 30nov2011
* Geometry             : Expanding sphere
* Molecular data file  : ../../tests/LAMDA_files/c.dat                                                   
* T(kin)            [K]:  144.000
* Density of H2  [cm-3]:  2.000E+00
* Density of pH2 [cm-3]:  1.000E+00
* Density of oH2 [cm-3]:  1.000E+00
* Density of e-  [cm-3]:  1.000E+00
* Density of He  [cm-3]:  1.000E+02
* T(background)     [K]:    2.730
* Column density [cm-2]:  1.000E+20
* Line width     [km/s]:    1.000
Calculation finished in   36 iterations
      LINE         E_UP       FREQ        WAVEL     T_EX      TAU        T_R       POP        POP       FLUX        FLUX
                   (K)        (GHz)       (um)      (K)                  (K)        UP        LOW      (K*km/s) (erg/cm2/s)
1      -- 0         23.6    492.1607    609.1354  117.943  5.727E+01  1.065E+02  3.880E-01  1.580E-01  1.134E+02  1.741E-04
2      -- 1         62.5    809.3420    370.4151  109.800  9.700E+01  9.152E+01  4.540E-01  3.880E-01  9.742E+01  6.652E-04
2      -- 0         62.5   1301.5026    230.3433  112.744  2.779E-06  2.345E-04  4.540E-01  1.580E-01  2.496E-04  7.086E-09
