* Radex version        : 30nov2011
* Geometry             : Uniform sphere
* Molecular data file  : ../../tests/LAMDA_files/c.dat                                                   
* T(kin)            [K]:  144.000
* Density of H2  [cm-3]:  2.000E+00
* Density of pH2 [cm-3]:  1.000E+00
* Density of oH2 [cm-3]:  1.000E+00
* Density of e-  [cm-3]:  1.000E+02
* Density of He  [cm-3]:  1.000E+04
* T(background)     [K]:    2.730
* Column density [cm-2]:  1.000E+15
* Line width     [km/s]:    1.000
Calculation finished in   10 iterations
      LINE         E_UP       FREQ        WAVEL     T_EX      TAU        T_R       POP        POP       FLUX        FLUX
                   (K)        (GHz)       (um)      (K)                  (K)        UP        LOW      (K*km/s) (erg/cm2/s)
1      -- 0         23.6    492.1607    609.1354  168.859  4.080E-04  6.418E-02  4.082E-01  1.565E-01  6.832E-02  1.049E-07
2      -- 1         62.5    809.3420    370.4151   86.933  1.234E-03  8.505E-02  4.352E-01  4.082E-01  9.054E-02  6.181E-07
2      -- 0         62.5   1301.5026    230.3433  106.466  2.872E-11  2.248E-09  4.352E-01  1.565E-01  2.393E-09  6.794E-14
