* Radex version        : 30nov2011
* Geometry             : Plane parallel slab
* Molecular data file  : ../../tests/LAMDA_files/c.dat                                                   
* T(kin)            [K]:  144.000
* Density of H2  [cm-3]:  2.000E+00
* Density of pH2 [cm-3]:  1.000E+00
* Density of oH2 [cm-3]:  1.000E+00
* Density of e-  [cm-3]:  1.000E+02
* Density of He  [cm-3]:  1.000E+04
* T(background)     [K]:    2.730
* Column density [cm-2]:  1.000E+20
* Line width     [km/s]:    1.000
Calculation finished in   25 iterations
      LINE         E_UP       FREQ        WAVEL     T_EX      TAU        T_R       POP        POP       FLUX        FLUX
                   (K)        (GHz)       (um)      (K)                  (K)        UP        LOW      (K*km/s) (erg/cm2/s)
1      -- 0         23.6    492.1607    609.1354  143.875  4.458E+01  1.324E+02  3.753E-01  1.474E-01  1.409E+02  2.164E-04
2      -- 1         62.5    809.3420    370.4151  143.587  7.463E+01  1.250E+02  4.773E-01  3.753E-01  1.331E+02  9.088E-04
2      -- 0         62.5   1301.5026    230.3433  143.696  2.149E-06  2.465E-04  4.773E-01  1.474E-01  2.624E-04  7.450E-09
