* Radex version        : 30nov2011
* Geometry             : Uniform sphere
* Molecular data file  : ../../tests/LAMDA_files/c.dat                                                   
* T(kin)            [K]:   25.000
* Density of H2  [cm-3]:  2.000E+00
* Density of pH2 [cm-3]:  1.000E+00
* Density of oH2 [cm-3]:  1.000E+00
* Density of e-  [cm-3]:  1.000E+00
* Density of He  [cm-3]:  1.000E+02
* T(background)     [K]:    2.730
* Column density [cm-2]:  1.000E+12
* Line width     [km/s]:    1.000
Calculation finished in   10 iterations
      LINE         E_UP       FREQ        WAVEL     T_EX      TAU        T_R       POP        POP       FLUX        FLUX
                   (K)        (GHz)       (um)      (K)                  (K)        UP        LOW      (K*km/s) (erg/cm2/s)
1      -- 0         23.6    492.1607    609.1354    5.713  1.862E-05  7.083E-06  4.553E-02  9.476E-01  7.539E-06  1.157E-11
2      -- 1         62.5    809.3420    370.4151   16.196  3.473E-07  1.349E-06  6.897E-03  4.553E-02  1.436E-06  9.801E-12
2      -- 0         62.5   1301.5026    230.3433    9.562  3.912E-13  3.561E-14  6.897E-03  9.476E-01  3.791E-14  1.076E-18
