* Radex version        : 30nov2011
* Geometry             : Uniform sphere
* Molecular data file  : ../../tests/LAMDA_files/c.dat                                                   
* T(kin)            [K]:  144.000
* Density of H2  [cm-3]:  2.000E+00
* Density of pH2 [cm-3]:  1.000E+00
* Density of oH2 [cm-3]:  1.000E+00
* Density of e-  [cm-3]:  1.000E+00
* Density of He  [cm-3]:  1.000E+02
* T(background)     [K]:    2.730
* Column density [cm-2]:  1.000E+20
* Line width     [km/s]:    1.000
Calculation finished in   33 iterations
      LINE         E_UP       FREQ        WAVEL     T_EX      TAU        T_R       POP        POP       FLUX        FLUX
                   (K)        (GHz)       (um)      (K)                  (K)        UP        LOW      (K*km/s) (erg/cm2/s)
1      -- 0         23.6    492.1607    609.1354   99.895  7.130E+01  8.855E+01  4.015E-01  1.695E-01  9.426E+01  1.447E-04
2      -- 1         62.5    809.3420    370.4151   87.336  1.209E+02  6.935E+01  4.289E-01  4.015E-01  7.382E+01  5.040E-04
2      -- 0         62.5   1301.5026    230.3433   91.695  3.462E-06  2.215E-04  4.289E-01  1.695E-01  2.358E-04  6.695E-09
