* Radex version        : 30nov2011
* Geometry             : Plane parallel slab
* Molecular data file  : ../../tests/LAMDA_files/c.dat                                                   
* T(kin)            [K]:   25.000
* Density of H2  [cm-3]:  2.000E+00
* Density of pH2 [cm-3]:  1.000E+00
* Density of oH2 [cm-3]:  1.000E+00
* Density of e-  [cm-3]:  1.000E+00
* Density of He  [cm-3]:  1.000E+02
* T(background)     [K]:    2.730
* Column density [cm-2]:  1.000E+20
* Line width     [km/s]:    1.000
Calculation finished in   32 iterations
      LINE         E_UP       FREQ        WAVEL     T_EX      TAU        T_R       POP        POP       FLUX        FLUX
                   (K)        (GHz)       (um)      (K)                  (K)        UP        LOW      (K*km/s) (erg/cm2/s)
1      -- 0         23.6    492.1607    609.1354   24.821  4.792E+02  1.485E+01  4.528E-01  3.909E-01  1.581E+01  2.427E-05
2      -- 1         62.5    809.3420    370.4151   24.680  3.011E+02  1.015E+01  1.564E-01  4.528E-01  1.081E+01  7.380E-05
2      -- 0         62.5   1301.5026    230.3433   24.733  1.487E-05  8.077E-05  1.564E-01  3.909E-01  8.598E-05  2.441E-09
