* Radex version        : 30nov2011
* Geometry             : Uniform sphere
* Molecular data file  : ../../tests/LAMDA_files/c.dat                                                   
* T(kin)            [K]:  124.000
* Density of H2  [cm-3]:  2.000E+00
* Density of pH2 [cm-3]:  1.000E+00
* Density of oH2 [cm-3]:  1.000E+00
* Density of e-  [cm-3]:  1.000E+02
* Density of He  [cm-3]:  1.000E+04
* T(background)     [K]:    2.730
* Column density [cm-2]:  1.000E+15
* Line width     [km/s]:    1.000
Calculation finished in   10 iterations
      LINE         E_UP       FREQ        WAVEL     T_EX      TAU        T_R       POP        POP       FLUX        FLUX
                   (K)        (GHz)       (um)      (K)                  (K)        UP        LOW      (K*km/s) (erg/cm2/s)
1      -- 0         23.6    492.1607    609.1354  138.618  5.124E-04  6.513E-02  4.143E-01  1.638E-01  6.933E-02  1.064E-07
2      -- 1         62.5    809.3420    370.4151   78.831  1.352E-03  8.244E-02  4.219E-01  4.143E-01  8.776E-02  5.992E-07
2      -- 0         62.5   1301.5026    230.3433   94.194  3.282E-11  2.179E-09  4.219E-01  1.638E-01  2.319E-09  6.586E-14
