* Radex version        : 30nov2011
* Geometry             : Plane parallel slab
* Molecular data file  : ../../tests/LAMDA_files/c.dat                                                   
* T(kin)            [K]:  124.000
* Density of H2  [cm-3]:  2.000E+00
* Density of pH2 [cm-3]:  1.000E+00
* Density of oH2 [cm-3]:  1.000E+00
* Density of e-  [cm-3]:  1.000E+02
* Density of He  [cm-3]:  1.000E+04
* T(background)     [K]:    2.730
* Column density [cm-2]:  1.000E+12
* Line width     [km/s]:    1.000
Calculation finished in   10 iterations
      LINE         E_UP       FREQ        WAVEL     T_EX      TAU        T_R       POP        POP       FLUX        FLUX
                   (K)        (GHz)       (um)      (K)                  (K)        UP        LOW      (K*km/s) (erg/cm2/s)
1      -- 0         23.6    492.1607    609.1354  138.649  5.123E-07  6.515E-05  4.144E-01  1.638E-01  6.935E-05  1.065E-10
2      -- 1         62.5    809.3420    370.4151   78.816  1.353E-06  8.249E-05  4.219E-01  4.144E-01  8.781E-05  5.995E-10
2      -- 0         62.5   1301.5026    230.3433   94.186  3.282E-14  2.181E-12  4.219E-01  1.638E-01  2.322E-12  6.593E-17
