* Radex version        : 30nov2011
* Geometry             : Plane parallel slab
* Molecular data file  : ../../tests/LAMDA_files/c.dat                                                   
* T(kin)            [K]:   25.000
* Density of H2  [cm-3]:  2.000E+00
* Density of pH2 [cm-3]:  1.000E+00
* Density of oH2 [cm-3]:  1.000E+00
* Density of e-  [cm-3]:  1.000E+02
* Density of He  [cm-3]:  1.000E+04
* T(background)     [K]:    2.730
* Column density [cm-2]:  1.000E+15
* Line width     [km/s]:    1.000
Calculation finished in   10 iterations
      LINE         E_UP       FREQ        WAVEL     T_EX      TAU        T_R       POP        POP       FLUX        FLUX
                   (K)        (GHz)       (um)      (K)                  (K)        UP        LOW      (K*km/s) (erg/cm2/s)
1      -- 0         23.6    492.1607    609.1354   21.059  5.904E-03  6.715E-02  4.285E-01  4.384E-01  7.148E-02  1.097E-07
2      -- 1         62.5    809.3420    370.4151   23.121  2.925E-03  2.599E-02  1.331E-01  4.285E-01  2.766E-02  1.889E-07
2      -- 0         62.5   1301.5026    230.3433   22.296  1.702E-10  6.874E-10  1.331E-01  4.384E-01  7.318E-10  2.078E-14
