* Radex version        : 30nov2011
* Geometry             : Uniform sphere
* Molecular data file  : ../../tests/LAMDA_files/c.dat                                                   
* T(kin)            [K]:  124.000
* Density of H2  [cm-3]:  2.000E+00
* Density of pH2 [cm-3]:  1.000E+00
* Density of oH2 [cm-3]:  1.000E+00
* Density of e-  [cm-3]:  1.000E+00
* Density of He  [cm-3]:  1.000E+02
* T(background)     [K]:    2.730
* Column density [cm-2]:  1.000E+20
* Line width     [km/s]:    1.000
Calculation finished in   34 iterations
      LINE         E_UP       FREQ        WAVEL     T_EX      TAU        T_R       POP        POP       FLUX        FLUX
                   (K)        (GHz)       (um)      (K)                  (K)        UP        LOW      (K*km/s) (erg/cm2/s)
1      -- 0         23.6    492.1607    609.1354   91.697  7.946E+01  8.039E+01  4.062E-01  1.752E-01  8.557E+01  1.314E-04
2      -- 1         62.5    809.3420    370.4151   80.758  1.301E+02  6.289E+01  4.186E-01  4.062E-01  6.694E+01  4.571E-04
2      -- 0         62.5   1301.5026    230.3433   84.574  3.782E-06  2.162E-04  4.186E-01  1.752E-01  2.301E-04  6.533E-09
