* Radex version        : 30nov2011
* Geometry             : Plane parallel slab
* Molecular data file  : ../../tests/LAMDA_files/c.dat                                                   
* T(kin)            [K]:  124.000
* Density of H2  [cm-3]:  2.000E+00
* Density of pH2 [cm-3]:  1.000E+00
* Density of oH2 [cm-3]:  1.000E+00
* Density of e-  [cm-3]:  1.000E+02
* Density of He  [cm-3]:  1.000E+04
* T(background)     [K]:    2.730
* Column density [cm-2]:  1.000E+20
* Line width     [km/s]:    1.000
Calculation finished in   24 iterations
      LINE         E_UP       FREQ        WAVEL     T_EX      TAU        T_R       POP        POP       FLUX        FLUX
                   (K)        (GHz)       (um)      (K)                  (K)        UP        LOW      (K*km/s) (erg/cm2/s)
1      -- 0         23.6    492.1607    609.1354  123.920  5.334E+01  1.125E+02  3.815E-01  1.539E-01  1.197E+02  1.838E-04
2      -- 1         62.5    809.3420    370.4151  123.729  8.625E+01  1.053E+02  4.646E-01  3.815E-01  1.121E+02  7.655E-04
2      -- 0         62.5   1301.5026    230.3433  123.801  2.521E-06  2.399E-04  4.646E-01  1.539E-01  2.554E-04  7.252E-09
