* Radex version        : 30nov2011
* Geometry             : Uniform sphere
* Molecular data file  : ../../tests/LAMDA_files/c.dat                                                   
* T(kin)            [K]:  124.000
* Density of H2  [cm-3]:  2.000E+00
* Density of pH2 [cm-3]:  1.000E+00
* Density of oH2 [cm-3]:  1.000E+00
* Density of e-  [cm-3]:  1.000E+02
* Density of He  [cm-3]:  1.000E+04
* T(background)     [K]:    2.730
* Column density [cm-2]:  1.000E+20
* Line width     [km/s]:    1.000
Calculation finished in   28 iterations
      LINE         E_UP       FREQ        WAVEL     T_EX      TAU        T_R       POP        POP       FLUX        FLUX
                   (K)        (GHz)       (um)      (K)                  (K)        UP        LOW      (K*km/s) (erg/cm2/s)
1      -- 0         23.6    492.1607    609.1354  123.629  5.353E+01  1.122E+02  3.819E-01  1.541E-01  1.194E+02  1.834E-04
2      -- 1         62.5    809.3420    370.4151  122.801  8.690E+01  1.044E+02  4.639E-01  3.819E-01  1.111E+02  7.588E-04
2      -- 0         62.5   1301.5026    230.3433  123.113  2.535E-06  2.396E-04  4.639E-01  1.541E-01  2.551E-04  7.242E-09
