* Radex version        : 30nov2011
* Geometry             : Uniform sphere
* Molecular data file  : ../../tests/LAMDA_files/c.dat                                                   
* T(kin)            [K]:   25.000
* Density of H2  [cm-3]:  2.000E+00
* Density of pH2 [cm-3]:  1.000E+00
* Density of oH2 [cm-3]:  1.000E+00
* Density of e-  [cm-3]:  1.000E+00
* Density of He  [cm-3]:  1.000E+02
* T(background)     [K]:    2.730
* Column density [cm-2]:  1.000E+20
* Line width     [km/s]:    1.000
Calculation finished in   33 iterations
      LINE         E_UP       FREQ        WAVEL     T_EX      TAU        T_R       POP        POP       FLUX        FLUX
                   (K)        (GHz)       (um)      (K)                  (K)        UP        LOW      (K*km/s) (erg/cm2/s)
1      -- 0         23.6    492.1607    609.1354   24.197  4.986E+02  1.427E+01  4.528E-01  4.006E-01  1.520E+01  2.333E-05
2      -- 1         62.5    809.3420    370.4151   23.703  3.061E+02  9.363E+00  1.466E-01  4.528E-01  9.966E+00  6.805E-05
2      -- 0         62.5   1301.5026    230.3433   23.887  1.535E-05  7.570E-05  1.466E-01  4.006E-01  8.058E-05  2.288E-09
