* Radex version        : 30nov2011
* Geometry             : Uniform sphere
* Molecular data file  : ../../tests/LAMDA_files/c.dat                                                   
* T(kin)            [K]:  144.000
* Density of H2  [cm-3]:  2.000E+00
* Density of pH2 [cm-3]:  1.000E+00
* Density of oH2 [cm-3]:  1.000E+00
* Density of e-  [cm-3]:  1.000E+02
* Density of He  [cm-3]:  1.000E+04
* T(background)     [K]:    2.730
* Column density [cm-2]:  1.000E+20
* Line width     [km/s]:    1.000
Calculation finished in   29 iterations
      LINE         E_UP       FREQ        WAVEL     T_EX      TAU        T_R       POP        POP       FLUX        FLUX
                   (K)        (GHz)       (um)      (K)                  (K)        UP        LOW      (K*km/s) (erg/cm2/s)
1      -- 0         23.6    492.1607    609.1354  143.422  4.478E+01  1.319E+02  3.758E-01  1.477E-01  1.404E+02  2.156E-04
2      -- 1         62.5    809.3420    370.4151  142.186  7.536E+01  1.236E+02  4.766E-01  3.758E-01  1.316E+02  8.986E-04
2      -- 0         62.5   1301.5026    230.3433  142.651  2.165E-06  2.461E-04  4.766E-01  1.477E-01  2.620E-04  7.439E-09
