* Radex version        : 30nov2011
* Geometry             : Plane parallel slab
* Molecular data file  : ../../tests/LAMDA_files/c.dat                                                   
* T(kin)            [K]:   25.000
* Density of H2  [cm-3]:  2.000E+00
* Density of pH2 [cm-3]:  1.000E+00
* Density of oH2 [cm-3]:  1.000E+00
* Density of e-  [cm-3]:  1.000E+00
* Density of He  [cm-3]:  1.000E+02
* T(background)     [K]:    2.730
* Column density [cm-2]:  1.000E+15
* Line width     [km/s]:    1.000
Calculation finished in   14 iterations
      LINE         E_UP       FREQ        WAVEL     T_EX      TAU        T_R       POP        POP       FLUX        FLUX
                   (K)        (GHz)       (um)      (K)                  (K)        UP        LOW      (K*km/s) (erg/cm2/s)
1      -- 0         23.6    492.1607    609.1354    5.752  1.859E-02  7.208E-03  4.675E-02  9.463E-01  7.673E-03  1.178E-08
2      -- 1         62.5    809.3420    370.4151   16.027  3.576E-04  1.350E-03  6.904E-03  4.675E-02  1.437E-03  9.810E-09
2      -- 0         62.5   1301.5026    230.3433    9.566  3.907E-10  3.566E-11  6.904E-03  9.463E-01  3.796E-11  1.078E-15
