* Radex version        : 30nov2011
* Geometry             : Expanding sphere
* Molecular data file  : ../../tests/LAMDA_files/c.dat                                                   
* T(kin)            [K]:  124.000
* Density of H2  [cm-3]:  2.000E+00
* Density of pH2 [cm-3]:  1.000E+00
* Density of oH2 [cm-3]:  1.000E+00
* Density of e-  [cm-3]:  1.000E+00
* Density of He  [cm-3]:  1.000E+02
* T(background)     [K]:    2.730
* Column density [cm-2]:  1.000E+15
* Line width     [km/s]:    1.000
Calculation finished in   10 iterations
      LINE         E_UP       FREQ        WAVEL     T_EX      TAU        T_R       POP        POP       FLUX        FLUX
                   (K)        (GHz)       (um)      (K)                  (K)        UP        LOW      (K*km/s) (erg/cm2/s)
1      -- 0         23.6    492.1607    609.1354    9.473  1.398E-02  2.946E-02  1.891E-01  7.628E-01  3.136E-02  4.815E-08
2      -- 1         62.5    809.3420    370.4151   20.676  1.344E-03  9.409E-03  4.815E-02  1.891E-01  1.002E-02  6.838E-08
2      -- 0         62.5   1301.5026    230.3433   14.287  3.114E-10  2.487E-10  4.815E-02  7.628E-01  2.647E-10  7.516E-15
