* Radex version        : 30nov2011
* Geometry             : Expanding sphere
* Molecular data file  : ../../tests/LAMDA_files/c.dat                                                   
* T(kin)            [K]:  124.000
* Density of H2  [cm-3]:  2.000E+00
* Density of pH2 [cm-3]:  1.000E+00
* Density of oH2 [cm-3]:  1.000E+00
* Density of e-  [cm-3]:  1.000E+00
* Density of He  [cm-3]:  1.000E+02
* T(background)     [K]:    2.730
* Column density [cm-2]:  1.000E+12
* Line width     [km/s]:    1.000
Calculation finished in   10 iterations
      LINE         E_UP       FREQ        WAVEL     T_EX      TAU        T_R       POP        POP       FLUX        FLUX
                   (K)        (GHz)       (um)      (K)                  (K)        UP        LOW      (K*km/s) (erg/cm2/s)
1      -- 0         23.6    492.1607    609.1354    9.473  1.398E-05  2.967E-05  1.891E-01  7.628E-01  3.158E-05  4.849E-11
2      -- 1         62.5    809.3420    370.4151   20.676  1.344E-06  9.415E-06  4.815E-02  1.891E-01  1.002E-05  6.843E-11
2      -- 0         62.5   1301.5026    230.3433   14.287  3.114E-13  2.487E-13  4.815E-02  7.628E-01  2.647E-13  7.517E-18
