* Radex version        : 30nov2011
* Geometry             : Uniform sphere
* Molecular data file  : ../../tests/LAMDA_files/c.dat                                                   
* T(kin)            [K]:  124.000
* Density of H2  [cm-3]:  2.000E+00
* Density of pH2 [cm-3]:  1.000E+00
* Density of oH2 [cm-3]:  1.000E+00
* Density of e-  [cm-3]:  1.000E+00
* Density of He  [cm-3]:  1.000E+02
* T(background)     [K]:    2.730
* Column density [cm-2]:  1.000E+15
* Line width     [km/s]:    1.000
Calculation finished in   12 iterations
      LINE         E_UP       FREQ        WAVEL     T_EX      TAU        T_R       POP        POP       FLUX        FLUX
                   (K)        (GHz)       (um)      (K)                  (K)        UP        LOW      (K*km/s) (erg/cm2/s)
1      -- 0         23.6    492.1607    609.1354    9.492  1.395E-02  2.958E-02  1.898E-01  7.620E-01  3.149E-02  4.835E-08
2      -- 1         62.5    809.3420    370.4151   20.635  1.350E-03  9.411E-03  4.816E-02  1.898E-01  1.002E-02  6.840E-08
2      -- 0         62.5   1301.5026    230.3433   14.291  3.110E-10  2.487E-10  4.816E-02  7.620E-01  2.648E-10  7.518E-15
