* Radex version        : 30nov2011
* Geometry             : Expanding sphere
* Molecular data file  : ../../tests/LAMDA_files/c.dat                                                   
* T(kin)            [K]:  124.000
* Density of H2  [cm-3]:  2.000E+00
* Density of pH2 [cm-3]:  1.000E+00
* Density of oH2 [cm-3]:  1.000E+00
* Density of e-  [cm-3]:  1.000E+00
* Density of He  [cm-3]:  1.000E+02
* T(background)     [K]:    2.730
* Column density [cm-2]:  1.000E+20
* Line width     [km/s]:    1.000
Calculation finished in   36 iterations
      LINE         E_UP       FREQ        WAVEL     T_EX      TAU        T_R       POP        POP       FLUX        FLUX
                   (K)        (GHz)       (um)      (K)                  (K)        UP        LOW      (K*km/s) (erg/cm2/s)
1      -- 0         23.6    492.1607    609.1354  106.291  6.513E+01  9.491E+01  3.931E-01  1.637E-01  1.010E+02  1.551E-04
2      -- 1         62.5    809.3420    370.4151   99.339  1.068E+02  8.118E+01  4.432E-01  3.931E-01  8.642E+01  5.900E-04
2      -- 0         62.5   1301.5026    230.3433  101.858  3.102E-06  2.289E-04  4.432E-01  1.637E-01  2.437E-04  6.918E-09
