* Radex version        : 30nov2011
* Geometry             : Expanding sphere
* Molecular data file  : ../../tests/LAMDA_files/c.dat                                                   
* T(kin)            [K]:  124.000
* Density of H2  [cm-3]:  2.000E+00
* Density of pH2 [cm-3]:  1.000E+00
* Density of oH2 [cm-3]:  1.000E+00
* Density of e-  [cm-3]:  1.000E+02
* Density of He  [cm-3]:  1.000E+04
* T(background)     [K]:    2.730
* Column density [cm-2]:  1.000E+20
* Line width     [km/s]:    1.000
Calculation finished in   26 iterations
      LINE         E_UP       FREQ        WAVEL     T_EX      TAU        T_R       POP        POP       FLUX        FLUX
                   (K)        (GHz)       (um)      (K)                  (K)        UP        LOW      (K*km/s) (erg/cm2/s)
1      -- 0         23.6    492.1607    609.1354  123.789  5.341E+01  1.123E+02  3.816E-01  1.539E-01  1.196E+02  1.836E-04
2      -- 1         62.5    809.3420    370.4151  123.561  8.637E+01  1.052E+02  4.644E-01  3.816E-01  1.119E+02  7.643E-04
2      -- 0         62.5   1301.5026    230.3433  123.647  2.524E-06  2.399E-04  4.644E-01  1.539E-01  2.553E-04  7.250E-09
