          *** MOLPOP-CEP; version of Mar 18, 2019 ***

* CO with collision rates from Yang et al 2010
* CEP solution for variable physical conditions
* These lines are echoed in the output because they start with a '*'
*
      CEP Exact Radiative Transfer Calculation
      Molecule data file --- DataBase/CO.molecule                                                                                                            
      Number of levels = 20

        Collision information:
    1.  Relative weight of collision partner =  3.00
        Collision rates from data file DataBase/Coll/Yang_CO_H2o.kij

    2.  Relative weight of collision partner =  1.00
        Collision rates from data file DataBase/Coll/Yang_CO_H2p.kij

      Using file with physical conditions: Samples/CO/variable_conditions.dat
      Molecule --- CO
      No considerations of dust absorption
      No considerations of Line Overlap
      No maser saturation effects

      External Radiation field includes:
        - 2.725K Cosmic Background
 Using INCREASING strategy
 Working with fixed physical conditions
------------------------------------------------------------------------------

      *** All optical depths are listed at line center ***

 *****************************************************
     CEP
  GENERAL DATA
 *****************************************************
 N. active transitions
          19
 N. levels
          20

 ***********************
  Level information   
  index  g    Energy [cm^-1]  
 ***********************
  1    1.0      0.0000
  2    3.0      3.8450
  3    5.0     11.5350
  4    7.0     23.0695
  5    9.0     38.4481
  6   11.0     57.6704
  7   13.0     80.7354
  8   15.0    107.6424
  9   17.0    138.3904
 10   19.0    172.9780
 11   21.0    211.4041
 12   23.0    253.6672
 13   25.0    299.7656
 14   27.0    349.6975
 15   29.0    403.4612
 16   31.0    461.0545
 17   33.0    522.4751
 18   35.0    587.7209
 19   37.0    656.7892
 20   39.0    729.6774

 ***********************
  Transition information
  up  low  freq [GHz]  Aul [s^-1]  detailed (y/n)
 ***********************
  2    1    115.270200   7.203000E-08    yes                
  3    2    230.540400   6.910000E-07    yes                
  4    3    345.795611   2.497000E-06    yes                
  5    4    461.038830   6.126000E-06    yes                
  6    5    576.270057   1.221000E-05    no                 
  7    6    691.471304   2.137000E-05    no                 
  8    7    806.651567   3.422000E-05    yes                
  9    8    921.801850   5.134000E-05    yes                
 10    9   1036.910162   7.330000E-05    yes                
 11   10   1151.985497   1.006000E-04    no                 
 12   11   1267.015863   1.339000E-04    no                 
 13   12   1381.995265   1.735000E-04    no                 
 14   13   1496.920703   2.200000E-04    no                 
 15   14   1611.795177   2.739000E-04    no                 
 16   15   1726.603697   3.354000E-04    no                 
 17   16   1841.343265   4.050000E-04    no                 
 18   17   1956.019876   4.829000E-04    no                 
 19   18   2070.615543   5.695000E-04    no                 
 20   19   2185.133264   6.650000E-04    no                 


      Terminated. Number of steps reached  100


        *** SUMMARY ***

        mol column     emission
         cm-2/kms      erg/s/mol
        1.000E+16      2.311E-19

 *** Parameters for selected transitions
     Flux (in W/m2) is integrated over the line
     Io is the source line-center intensity at mu =  0.50 to slab face
     del(Tb) is obtained from (B is the Planck function):
                B(del(Tb)) = I(observed) - B(Tcmb)
     del(TRJ) is obtained from the same with the RJ approximation for B
     Excitation temperature is not part of the output in CEP
                because it changes with position in the slab. The excitation temperature
                will be placed in the file with extension CEP.texc for all column densities
 ***

      2600.78 mic ( 115.270 GHz) transition between levels  2 and  1
     Upper Level: J =   1                                                                         
     Lower Level: J =   0                                                                         

    Nmol      tau       Flux   int(Tb dv)   Io      del(Tb)   del(TRJ)
  cm-2/kms               Jy      K km/s  W/m2/Hz/st    K         K
  1.00E+16 -2.21E-02  2.36E+10  7.24E+00  2.26E-17  7.99E+00  5.54E+00

      1300.39 mic ( 230.540 GHz) transition between levels  3 and  2
     Upper Level: J =   2                                                                         
     Lower Level: J =   1                                                                         

    Nmol      tau       Flux   int(Tb dv)   Io      del(Tb)   del(TRJ)
  cm-2/kms               Jy      K km/s  W/m2/Hz/st    K         K
  1.00E+16  1.18E-01  2.97E+11  2.12E+01  2.76E-16  2.20E+01  1.69E+01

       866.96 mic ( 345.796 GHz) transition between levels  4 and  3
     Upper Level: J =   3                                                                         
     Lower Level: J =   2                                                                         

    Nmol      tau       Flux   int(Tb dv)   Io      del(Tb)   del(TRJ)
  cm-2/kms               Jy      K km/s  W/m2/Hz/st    K         K
  1.00E+16  3.97E-01  8.33E+11  3.04E+01  7.47E-16  2.78E+01  2.03E+01

       650.25 mic ( 461.039 GHz) transition between levels  5 and  4
     Upper Level: J =   4                                                                         
     Lower Level: J =   3                                                                         

    Nmol      tau       Flux   int(Tb dv)   Io      del(Tb)   del(TRJ)
  cm-2/kms               Jy      K km/s  W/m2/Hz/st    K         K
  1.00E+16  5.63E-01  1.24E+12  2.99E+01  1.08E-15  2.60E+01  1.65E+01

       371.65 mic ( 806.652 GHz) transition between levels  8 and  7
     Upper Level: J =   7                                                                         
     Lower Level: J =   6                                                                         

    Nmol      tau       Flux   int(Tb dv)   Io      del(Tb)   del(TRJ)
  cm-2/kms               Jy      K km/s  W/m2/Hz/st    K         K
  1.00E+16  1.25E-01  4.64E+11  1.33E+01  5.83E-16  1.46E+01  2.91E+00

       325.22 mic ( 921.802 GHz) transition between levels  9 and  8
     Upper Level: J =   8                                                                         
     Lower Level: J =   7                                                                         

    Nmol      tau       Flux   int(Tb dv)   Io      del(Tb)   del(TRJ)
  cm-2/kms               Jy      K km/s  W/m2/Hz/st    K         K
  1.00E+16  3.45E-02  2.15E+11  9.91E+00  2.60E-16  1.16E+01  9.96E-01

       289.12 mic (1036.910 GHz) transition between levels 10 and  9
     Upper Level: J =   9                                                                         
     Lower Level: J =   8                                                                         

    Nmol      tau       Flux   int(Tb dv)   Io      del(Tb)   del(TRJ)
  cm-2/kms               Jy      K km/s  W/m2/Hz/st    K         K
  1.00E+16  9.38E-03  9.03E+10  8.28E+00  1.05E-16  9.83E+00  3.18E-01
