          *** MOLPOP-CEP; version of Mar 18, 2019 ***

* CO with collision rates from Yang et al 2010
* These lines are echoed in the output because they start with a '*'
*
      Solution method is LVG escape probability; dlogV/dlogr =  1.00
      Molecule data file --- DataBase/CO.molecule                                                                                                            
      Number of levels = 20

        Collision information:
    1.  Relative weight of collision partner =  3.00
        Collision rates from data file DataBase/Coll/Yang_CO_H2o.kij

    2.  Relative weight of collision partner =  1.00
        Collision rates from data file DataBase/Coll/Yang_CO_H2p.kij

      Tgas =  100.0 K
      n_tot =  1.00E+04 cm-3

      Molecule --- CO
      No considerations of dust absorption
      No considerations of Line Overlap
      No maser saturation effects
